exports[`<TaskList /> snapshot: render header and title 1`] = `
<div
  className="wrapper">
  <div
    className="tasks" />
  <button
    className="newTask"
    onClick={[Function]}>
    Add Task
  </button>
</div>
`;
